
  vinext build  (Vite 8.0.13)

[1/5] analyze client references...
[2Ktransforming...✓ 226 modules transformed.
rendering chunks...
✓ built in 274ms
[2/5] analyze server references...
[2Ktransforming...✓ 176 modules transformed.
rendering chunks...
✓ built in 123ms
[3/5] build rsc environment...
[2Ktransforming...✓ 223 modules transformed.
rendering chunks...
computing gzip size...
✓ built in 196ms
[4/5] build client environment...
[2Ktransforming...✓ 184 modules transformed.
rendering chunks...
computing gzip size...
✓ built in 276ms
[5/5] build ssr environment...
[2Ktransforming...✓ 178 modules transformed.
rendering chunks...
computing gzip size...
✓ built in 185ms
[0m  Pre-rendering all routes (output: 'export')...
