
> sites-project@0.1.0 build
> vinext build


  vinext build  (Vite 8.0.13)

[1/5] analyze client references...
[2Ktransforming...✓ 226 modules transformed.
rendering chunks...
✓ built in 239ms
[2/5] analyze server references...
[2Ktransforming...✓ 176 modules transformed.
rendering chunks...
✓ built in 109ms
[3/5] build rsc environment...
[2Ktransforming...✓ 223 modules transformed.
rendering chunks...
computing gzip size...
✓ built in 175ms
[4/5] build client environment...
[2Ktransforming...✓ 184 modules transformed.
rendering chunks...
computing gzip size...
✓ built in 263ms
[5/5] build ssr environment...
[2Ktransforming...✓ 178 modules transformed.
rendering chunks...
computing gzip size...
✓ built in 171ms
[0m
  Route (app)
  ┌ ? /        
  └ ? /showcase

  ? Unknown

  ? Some routes could not be classified. vinext currently uses static analysis
    and cannot detect dynamic API usage (headers(), cookies(), etc.) at build time.
    Automatic classification will be improved in a future release.

  Build complete. Run `vinext start` to start the production server.

