1280: personal growth, camera entry, movement preview, sound stop, overflow PASS
node:internal/modules/run_main:107
    triggerUncaughtException(
    ^

locator.click: Timeout 30000ms exceeded.
Call log:
[2m  - waiting for getByText('声音设置', { exact: true })[22m
[2m    - locator resolved to <summary>声音设置</summary>[22m
[2m  - attempting click action[22m
[2m    2 × waiting for element to be visible, enabled and stable[22m
[2m      - element is not visible[22m
[2m    - retrying click action[22m
[2m    - waiting 20ms[22m
[2m    2 × waiting for element to be visible, enabled and stable[22m
[2m      - element is not visible[22m
[2m    - retrying click action[22m
[2m      - waiting 100ms[22m
[2m    56 × waiting for element to be visible, enabled and stable[22m
[2m       - element is not visible[22m
[2m     - retrying click action[22m
[2m       - waiting 500ms[22m

    at /private/tmp/xiaoying-cross-device/outputs/release-prep-home.mjs:12:48 {
  log: [
    "  - waiting for getByText('声音设置', { exact: true })",
    '    - locator resolved to <summary>声音设置</summary>',
    '  - attempting click action',
    '    2 × waiting for element to be visible, enabled and stable',
    '      - element is not visible',
    '    - retrying click action',
    '    - waiting 20ms',
    '    2 × waiting for element to be visible, enabled and stable',
    '      - element is not visible',
    '    - retrying click action',
    '      - waiting 100ms',
    '    56 × waiting for element to be visible, enabled and stable',
    '       - element is not visible',
    '     - retrying click action',
    '       - waiting 500ms'
  ],
  name: 'TimeoutError'
}

Node.js v24.21.0
